pra-mc/1 bridge: bot 'pra' spawned, listening on 127.0.0.1:25590
client connected
client disconnected
client connected
client disconnected
client connected
client stream error: ECONNRESET
client socket error: ECONNRESET
client disconnected
client connected
client stream error: ECONNRESET
client socket error: ECONNRESET
client disconnected
client connected
dig ended early: Digging aborted after 1 ms
dig ended early: Digging aborted after 0 ms
dig ended early: Digging aborted after 0 ms
dig ended early: Digging aborted after 0 ms
dig ended early: Digging aborted after 0 ms
dig ended early: Digging aborted after 0 ms
dig ended early: Digging aborted after 0 ms
dig ended early: Digging aborted after 1 ms
dig ended early: Digging aborted after 0 ms
dig ended early: Digging aborted after 0 ms
dig ended early: Digging aborted after 0 ms
dig ended early: Digging aborted after 1 ms
dig ended early: Digging aborted after 0 ms
dig ended early: Digging aborted after 1 ms
dig ended early: Digging aborted after 0 ms
dig ended early: Digging aborted after 1 ms
dig ended early: Digging aborted after 0 ms
dig ended early: Digging aborted after 0 ms
dig ended early: Digging aborted after 0 ms
dig ended early: Digging aborted after 1 ms
dig ended early: Digging aborted after 0 ms
dig ended early: Digging aborted after 0 ms
dig ended early: Digging aborted after 0 ms
dig ended early: Digging aborted after 0 ms
dig ended early: Digging aborted after 1 ms
dig ended early: Digging aborted after 0 ms
dig ended early: Digging aborted after 0 ms
dig ended early: Digging aborted after 0 ms
dig ended early: Digging aborted after 0 ms
dig ended early: Digging aborted after 0 ms
dig ended early: Digging aborted after 0 ms
dig ended early: Digging aborted after 0 ms
dig ended early: Digging aborted after 0 ms
dig ended early: Digging aborted after 0 ms
dig ended early: Digging aborted after 1 ms
dig ended early: Digging aborted after 0 ms
dig ended early: Digging aborted after 1 ms
dig ended early: Digging aborted after 0 ms
dig ended early: Digging aborted after 1 ms
dig ended early: Digging aborted after 0 ms
dig ended early: Digging aborted after 0 ms
dig ended early: Digging aborted after 0 ms
dig ended early: Digging aborted after 0 ms
dig ended early: Digging aborted after 0 ms
dig ended early: Digging aborted after 1 ms
dig ended early: Digging aborted after 0 ms
dig ended early: Digging aborted after 0 ms
dig ended early: Digging aborted after 57 ms
dig ended early: Digging aborted after 54 ms
dig ended early: Digging aborted after 58 ms
dig ended early: Digging aborted after 10035 ms
dig ended early: Digging aborted after 10039 ms
dig ended early: Digging aborted after 10001 ms
dig ended early: Digging aborted after 0 ms
dig ended early: Digging aborted after 10044 ms
dig ended early: Digging aborted after 10036 ms
dig ended early: Digging aborted after 176 ms
dig ended early: Digging aborted after 226 ms
dig ended early: Digging aborted after 0 ms
dig ended early: Digging aborted after 0 ms
dig ended early: Digging aborted after 0 ms
dig ended early: Digging aborted after 0 ms
dig ended early: Digging aborted after 0 ms
dig ended early: Digging aborted after 1 ms
dig ended early: Digging aborted after 0 ms
dig ended early: Digging aborted after 8523 ms
dig ended early: Digging aborted after 10045 ms
dig ended early: Digging aborted after 0 ms
dig ended early: Digging aborted after 0 ms
client disconnected
client connected
dig ended early: Digging aborted after 0 ms
dig ended early: Digging aborted after 0 ms
dig ended early: Digging aborted after 0 ms
dig ended early: Digging aborted after 0 ms
dig ended early: Digging aborted after 0 ms
dig ended early: Digging aborted after 0 ms
dig ended early: Digging aborted after 0 ms
dig ended early: Digging aborted after 0 ms
dig ended early: Digging aborted after 1 ms
dig ended early: Digging aborted after 0 ms
dig ended early: Digging aborted after 1 ms
dig ended early: Digging aborted after 0 ms
dig ended early: Digging aborted after 0 ms
dig ended early: Digging aborted after 10045 ms
dig ended early: Digging aborted after 0 ms
dig ended early: Digging aborted after 0 ms
dig ended early: Digging aborted after 0 ms
dig ended early: Digging aborted after 1 ms
dig ended early: Digging aborted after 0 ms
dig ended early: Digging aborted after 0 ms
dig ended early: Digging aborted after 58 ms
dig ended early: Digging aborted after 10051 ms
client disconnected
client connected
dig ended early: Digging aborted after 0 ms
dig ended early: Digging aborted after 0 ms
dig ended early: Digging aborted after 0 ms
dig ended early: Digging aborted after 0 ms
dig ended early: Digging aborted after 0 ms
dig ended early: Digging aborted after 0 ms
dig ended early: Digging aborted after 1 ms
dig ended early: Digging aborted after 0 ms
dig ended early: Digging aborted after 10047 ms
dig ended early: Digging aborted after 65 ms
dig ended early: Digging aborted after 10001 ms
dig ended early: Digging aborted after 10050 ms
dig ended early: Digging aborted after 10042 ms
dig ended early: Digging aborted after 2220 ms
dig ended early: Digging aborted after 0 ms
dig ended early: Digging aborted after 0 ms
dig ended early: Digging aborted after 0 ms
dig ended early: Digging aborted after 0 ms
dig ended early: Digging aborted after 0 ms
dig ended early: Digging aborted after 0 ms
dig ended early: Digging aborted after 0 ms
dig ended early: Digging aborted after 0 ms
dig ended early: Digging aborted after 0 ms
dig ended early: Digging aborted after 0 ms
dig ended early: Digging aborted after 1 ms
dig ended early: Digging aborted after 1 ms
dig ended early: Digging aborted after 1 ms
dig ended early: Digging aborted after 0 ms
dig ended early: Digging aborted after 121 ms
dig ended early: Digging aborted after 10042 ms
dig ended early: Digging aborted after 57 ms
client disconnected
dig ended early: Digging aborted after 3573 ms
client connected
dig ended early: Digging aborted after 10003 ms
dig ended early: Digging aborted after 10004 ms
dig ended early: Digging aborted after 0 ms
dig ended early: Digging aborted after 1 ms
dig ended early: Digging aborted after 1 ms
dig ended early: Digging aborted after 0 ms
dig ended early: Digging aborted after 0 ms
dig ended early: Digging aborted after 0 ms
dig ended early: Digging aborted after 1 ms
dig ended early: Digging aborted after 10048 ms
dig ended early: Digging aborted after 0 ms
dig ended early: Digging aborted after 0 ms
dig ended early: Digging aborted after 1 ms
dig ended early: Digging aborted after 1 ms
dig ended early: Digging aborted after 0 ms
dig ended early: Digging aborted after 0 ms
dig ended early: Digging aborted after 0 ms
dig ended early: Digging aborted after 0 ms
dig ended early: Digging aborted after 0 ms
dig ended early: Digging aborted after 0 ms
dig ended early: Digging aborted after 0 ms
dig ended early: Digging aborted after 0 ms
dig ended early: Digging aborted after 0 ms
dig ended early: Digging aborted after 0 ms
dig ended early: Digging aborted after 0 ms
dig ended early: Digging aborted after 1 ms
dig ended early: Digging aborted after 0 ms
dig ended early: Digging aborted after 0 ms
dig ended early: Digging aborted after 1 ms
dig ended early: Digging aborted after 0 ms
dig ended early: Digging aborted after 0 ms
dig ended early: Digging aborted after 0 ms
dig ended early: Digging aborted after 0 ms
dig ended early: Digging aborted after 10052 ms
dig ended early: Digging aborted after 10049 ms
dig ended early: Digging aborted after 10036 ms
dig ended early: Digging aborted after 0 ms
dig ended early: Digging aborted after 1 ms
dig ended early: Digging aborted after 1 ms
client disconnected
client connected
dig ended early: Digging aborted after 0 ms
dig ended early: Digging aborted after 0 ms
dig ended early: Digging aborted after 0 ms
dig ended early: Digging aborted after 0 ms
dig ended early: Digging aborted after 0 ms
dig ended early: Digging aborted after 0 ms
dig ended early: Digging aborted after 0 ms
dig ended early: Digging aborted after 0 ms
dig ended early: Digging aborted after 0 ms
dig ended early: Digging aborted after 10060 ms
dig ended early: Digging aborted after 10011 ms
dig ended early: Digging aborted after 0 ms
dig ended early: Digging aborted after 1 ms
dig ended early: Digging aborted after 7664 ms
dig ended early: Digging aborted after 859 ms
dig ended early: Digging aborted after 10014 ms
dig ended early: Digging aborted after 10032 ms
dig ended early: Digging aborted after 10012 ms
dig ended early: Digging aborted after 61 ms
dig ended early: Digging aborted after 10039 ms
dig ended early: Digging aborted after 10062 ms
dig ended early: Digging aborted after 10037 ms
dig ended early: Digging aborted after 0 ms
dig ended early: Digging aborted after 0 ms
dig ended early: Digging aborted after 0 ms
dig ended early: Digging aborted after 0 ms
dig ended early: Digging aborted after 0 ms
dig ended early: Digging aborted after 0 ms
dig ended early: Digging aborted after 0 ms
dig ended early: Digging aborted after 1 ms
dig ended early: Digging aborted after 0 ms
dig ended early: Digging aborted after 0 ms
dig ended early: Digging aborted after 0 ms
dig ended early: Digging aborted after 0 ms
dig ended early: Digging aborted after 0 ms
dig ended early: Digging aborted after 0 ms
dig ended early: Digging aborted after 1 ms
dig ended early: Digging aborted after 0 ms
dig ended early: Digging aborted after 0 ms
dig ended early: Digging aborted after 1 ms
dig ended early: Digging aborted after 0 ms
dig ended early: Digging aborted after 1 ms
dig ended early: Digging aborted after 0 ms
dig ended early: Digging aborted after 1 ms
dig ended early: Digging aborted after 1 ms
dig ended early: Digging aborted after 0 ms
dig ended early: Digging aborted after 1 ms
dig ended early: Digging aborted after 0 ms
dig ended early: Digging aborted after 0 ms
dig ended early: Digging aborted after 0 ms
dig ended early: Digging aborted after 0 ms
dig ended early: Digging aborted after 0 ms
dig ended early: Digging aborted after 0 ms
dig ended early: Digging aborted after 0 ms
dig ended early: Digging aborted after 10046 ms
dig ended early: Digging aborted after 10056 ms
dig ended early: Digging aborted after 10034 ms
dig ended early: Digging aborted after 0 ms
dig ended early: Digging aborted after 1 ms
dig ended early: Digging aborted after 113 ms
dig ended early: Digging aborted after 10034 ms
dig ended early: Digging aborted after 10016 ms
dig ended early: Digging aborted after 10011 ms
dig ended early: Digging aborted after 10042 ms
dig ended early: Digging aborted after 10033 ms
dig ended early: Digging aborted after 10015 ms
dig ended early: Digging aborted after 10045 ms
dig ended early: Digging aborted after 10048 ms
dig ended early: Digging aborted after 10043 ms
dig ended early: Digging aborted after 10052 ms
dig ended early: Digging aborted after 0 ms
dig ended early: Digging aborted after 0 ms
dig ended early: Digging aborted after 0 ms
dig ended early: Digging aborted after 0 ms
dig ended early: Digging aborted after 0 ms
dig ended early: Digging aborted after 0 ms
dig ended early: Digging aborted after 0 ms
dig ended early: Digging aborted after 0 ms
dig ended early: Digging aborted after 0 ms
dig ended early: Digging aborted after 0 ms
dig ended early: Digging aborted after 0 ms
dig ended early: Digging aborted after 1 ms
dig ended early: Digging aborted after 0 ms
dig ended early: Digging aborted after 1 ms
dig ended early: Digging aborted after 0 ms
dig ended early: Digging aborted after 0 ms
dig ended early: Digging aborted after 0 ms
dig ended early: Digging aborted after 0 ms
dig ended early: Digging aborted after 0 ms
dig ended early: Digging aborted after 0 ms
dig ended early: Digging aborted after 0 ms
dig ended early: Digging aborted after 0 ms
dig ended early: Digging aborted after 0 ms
dig ended early: Digging aborted after 0 ms
dig ended early: Digging aborted after 0 ms
dig ended early: Digging aborted after 0 ms
dig ended early: Digging aborted after 0 ms
dig ended early: Digging aborted after 0 ms
dig ended early: Digging aborted after 0 ms
dig ended early: Digging aborted after 0 ms
dig ended early: Digging aborted after 0 ms
dig ended early: Digging aborted after 0 ms
dig ended early: Digging aborted after 0 ms
dig ended early: Digging aborted after 1 ms
dig ended early: Digging aborted after 0 ms
dig ended early: Digging aborted after 1 ms
dig ended early: Digging aborted after 0 ms
dig ended early: Digging aborted after 0 ms
dig ended early: Digging aborted after 0 ms
dig ended early: Digging aborted after 1 ms
dig ended early: Digging aborted after 0 ms
dig ended early: Digging aborted after 0 ms
dig ended early: Digging aborted after 1 ms
dig ended early: Digging aborted after 0 ms
dig ended early: Digging aborted after 0 ms
dig ended early: Digging aborted after 0 ms
dig ended early: Digging aborted after 0 ms
dig ended early: Digging aborted after 1 ms
dig ended early: Digging aborted after 0 ms
dig ended early: Digging aborted after 0 ms
dig ended early: Digging aborted after 1 ms
dig ended early: Digging aborted after 0 ms
dig ended early: Digging aborted after 1 ms
dig ended early: Digging aborted after 0 ms
dig ended early: Digging aborted after 1 ms
dig ended early: Digging aborted after 0 ms
dig ended early: Digging aborted after 1 ms
dig ended early: Digging aborted after 0 ms
dig ended early: Digging aborted after 10057 ms
dig ended early: Digging aborted after 10050 ms
dig ended early: Digging aborted after 0 ms
dig ended early: Digging aborted after 0 ms
dig ended early: Digging aborted after 1 ms
dig ended early: Digging aborted after 0 ms
dig ended early: Digging aborted after 1 ms
dig ended early: Digging aborted after 1 ms
dig ended early: Digging aborted after 0 ms
dig ended early: Digging aborted after 0 ms
dig ended early: Digging aborted after 0 ms
client disconnected
client connected
dig ended early: Digging aborted after 0 ms
dig ended early: Digging aborted after 0 ms
dig ended early: Digging aborted after 0 ms
dig ended early: Digging aborted after 10056 ms
dig ended early: Digging aborted after 10013 ms
dig ended early: Digging aborted after 983 ms
dig ended early: Digging aborted after 0 ms
dig ended early: Digging aborted after 0 ms
dig ended early: Digging aborted after 0 ms
dig ended early: Digging aborted after 1 ms
dig ended early: Digging aborted after 0 ms
dig ended early: Digging aborted after 0 ms
dig ended early: Digging aborted after 0 ms
dig ended early: Digging aborted after 1 ms
dig ended early: Digging aborted after 0 ms
dig ended early: Digging aborted after 0 ms
dig ended early: Digging aborted after 1 ms
dig ended early: Digging aborted after 1 ms
dig ended early: Digging aborted after 0 ms
dig ended early: Digging aborted after 0 ms
dig ended early: Digging aborted after 116 ms
client disconnected
client connected
dig ended early: Digging aborted after 60 ms
dig ended early: Digging aborted after 10006 ms
dig ended early: Digging aborted after 63 ms
dig ended early: Digging aborted after 10024 ms
dig ended early: Digging aborted after 10023 ms
dig ended early: Digging aborted after 0 ms
dig ended early: Digging aborted after 1 ms
dig ended early: Digging aborted after 0 ms
dig ended early: Digging aborted after 0 ms
dig ended early: Digging aborted after 0 ms
dig ended early: Digging aborted after 0 ms
dig ended early: Digging aborted after 0 ms
dig ended early: Digging aborted after 0 ms
dig ended early: Digging aborted after 0 ms
dig ended early: Digging aborted after 58 ms
dig ended early: Digging aborted after 62 ms
dig ended early: Digging aborted after 0 ms
dig ended early: Digging aborted after 10014 ms
dig ended early: Digging aborted after 10033 ms
dig ended early: Digging aborted after 10057 ms
dig ended early: Digging aborted after 10052 ms
dig ended early: Digging aborted after 10044 ms
client disconnected
dig ended early: Digging aborted after 5072 ms
client connected
dig ended early: Digging aborted after 7901 ms
dig ended early: Digging aborted after 10031 ms
dig ended early: Digging aborted after 10058 ms
dig ended early: Digging aborted after 1070 ms
dig ended early: Digging aborted after 10046 ms
dig ended early: Digging aborted after 10026 ms
dig ended early: Digging aborted after 10032 ms
dig ended early: Digging aborted after 10023 ms
dig ended early: Digging aborted after 10035 ms
dig ended early: Digging aborted after 10002 ms
dig ended early: Digging aborted after 7298 ms
dig ended early: Digging aborted after 239 ms
dig ended early: Digging aborted after 10056 ms
dig ended early: Digging aborted after 10050 ms
dig ended early: Digging aborted after 66 ms
dig ended early: Digging aborted after 1 ms
dig ended early: Digging aborted after 0 ms
dig ended early: Digging aborted after 0 ms
dig ended early: Digging aborted after 0 ms
dig ended early: Digging aborted after 64 ms
dig ended early: Digging aborted after 10046 ms
dig ended early: Digging aborted after 10029 ms
dig ended early: Digging aborted after 10021 ms
client disconnected
client connected
dig ended early: Digging aborted after 8291 ms
dig ended early: Digging aborted after 10033 ms
dig ended early: Digging aborted after 10050 ms
dig ended early: Digging aborted after 10051 ms
dig ended early: Digging aborted after 57 ms
dig ended early: Digging aborted after 10042 ms
dig ended early: Digging aborted after 10027 ms
dig ended early: Digging aborted after 10051 ms
dig ended early: Digging aborted after 10007 ms
dig ended early: Digging aborted after 10032 ms
dig ended early: Digging aborted after 59 ms
dig ended early: Digging aborted after 60 ms
dig ended early: Digging aborted after 10009 ms
dig ended early: Digging aborted after 10027 ms
dig ended early: Digging aborted after 10043 ms
dig ended early: Digging aborted after 10020 ms
dig ended early: Digging aborted after 118 ms
dig ended early: Digging aborted after 0 ms
dig ended early: Digging aborted after 0 ms
dig ended early: Digging aborted after 0 ms
dig ended early: Digging aborted after 1 ms
dig ended early: Digging aborted after 10020 ms
dig ended early: Digging aborted after 10012 ms
dig ended early: Digging aborted after 1 ms
dig ended early: Digging aborted after 0 ms
client disconnected
client connected
dig ended early: Digging aborted after 0 ms
dig ended early: Digging aborted after 0 ms
dig ended early: Digging aborted after 0 ms
dig ended early: Digging aborted after 0 ms
dig ended early: Digging aborted after 0 ms
dig ended early: Digging aborted after 0 ms
dig ended early: Digging aborted after 1 ms
dig ended early: Digging aborted after 0 ms
dig ended early: Digging aborted after 0 ms
dig ended early: Digging aborted after 0 ms
dig ended early: Digging aborted after 10027 ms
dig ended early: Digging aborted after 10007 ms
dig ended early: Digging aborted after 0 ms
dig ended early: Digging aborted after 0 ms
dig ended early: Digging aborted after 0 ms
dig ended early: Digging aborted after 0 ms
dig ended early: Digging aborted after 0 ms
dig ended early: Digging aborted after 0 ms
dig ended early: Digging aborted after 0 ms
dig ended early: Digging aborted after 10022 ms
dig ended early: Digging aborted after 0 ms
dig ended early: Digging aborted after 1 ms
dig ended early: Digging aborted after 0 ms
dig ended early: Digging aborted after 0 ms
dig ended early: Digging aborted after 0 ms
dig ended early: Digging aborted after 0 ms
dig ended early: Digging aborted after 0 ms
dig ended early: Digging aborted after 0 ms
dig ended early: Digging aborted after 0 ms
dig ended early: Digging aborted after 10031 ms
dig ended early: Digging aborted after 10015 ms
dig ended early: Digging aborted after 59 ms
dig ended early: Digging aborted after 10040 ms
dig ended early: Digging aborted after 10009 ms
dig ended early: Digging aborted after 10042 ms
dig ended early: Digging aborted after 0 ms
dig ended early: Digging aborted after 0 ms
dig ended early: Digging aborted after 0 ms
dig ended early: Digging aborted after 0 ms
dig ended early: Digging aborted after 0 ms
dig ended early: Digging aborted after 0 ms
dig ended early: Digging aborted after 1 ms
dig ended early: Digging aborted after 0 ms
dig ended early: Digging aborted after 0 ms
dig ended early: Digging aborted after 0 ms
dig ended early: Digging aborted after 0 ms
dig ended early: Digging aborted after 0 ms
dig ended early: Digging aborted after 0 ms
dig ended early: Digging aborted after 0 ms
dig ended early: Digging aborted after 0 ms
dig ended early: Digging aborted after 0 ms
dig ended early: Digging aborted after 0 ms
dig ended early: Digging aborted after 0 ms
dig ended early: Digging aborted after 0 ms
client disconnected
