pra-mc/1 bridge: bot 'pra' spawned, listening on 127.0.0.1:25590
client connected
client disconnected
client connected
client disconnected
client connected
client disconnected
client connected
client disconnected
client connected
client stream error: ECONNRESET
client socket error: ECONNRESET
client disconnected
client connected
client stream error: ECONNRESET
client socket error: ECONNRESET
client disconnected
client connected
client disconnected
client connected
client disconnected
client connected
client disconnected
client connected
client disconnected
client connected
client disconnected
client connected
client disconnected
client connected
client disconnected
client connected
client disconnected
client connected
client disconnected
client connected
client disconnected
client connected
client disconnected
client connected
client disconnected
client connected
client disconnected
client connected
client disconnected
client connected
client disconnected
client connected
client disconnected
client connected
client disconnected
client connected
client disconnected
client connected
client disconnected
client connected
client disconnected
client connected
client disconnected
client connected
client disconnected
client connected
client disconnected
client connected
client disconnected
client connected
client disconnected
client connected
client disconnected
client connected
client disconnected
client connected
client disconnected
client connected
client disconnected
client connected
client disconnected
client connected
client disconnected
client connected
client disconnected
client connected
client disconnected
client connected
client disconnected
client connected
client disconnected
client connected
client disconnected
client connected
client disconnected
client connected
client disconnected
client connected
client disconnected
client connected
client disconnected
client connected
client disconnected
client connected
client disconnected
client connected
client disconnected
client connected
client disconnected
client connected
client disconnected
client connected
client disconnected
client connected
client disconnected
client connected
client disconnected
client connected
client disconnected
client connected
client disconnected
client connected
client disconnected
client connected
client disconnected
client connected
client disconnected
client connected
client disconnected
client connected
client disconnected
client connected
client disconnected
client connected
client disconnected
client connected
client disconnected
client connected
client disconnected
client connected
client disconnected
client connected
client disconnected
client connected
client disconnected
client connected
client disconnected
client connected
client disconnected
client connected
client disconnected
client connected
client disconnected
client connected
client disconnected
client connected
client disconnected
client connected
client disconnected
client connected
client disconnected
client connected
client disconnected
client connected
client disconnected
client connected
client disconnected
client connected
client disconnected
client connected
client disconnected
client connected
client disconnected
client connected
client disconnected
client connected
client disconnected
client connected
client disconnected
client connected
client disconnected
client connected
client disconnected
client connected
client disconnected
client connected
client disconnected
client connected
client disconnected
client connected
client disconnected
client connected
client disconnected
client connected
client disconnected
pra-mc/1 bridge: bot 'pra' spawned, listening on 127.0.0.1:25590
client connected
client disconnected
client connected
client disconnected
client connected
dig ended early: Digging aborted after 61 ms
dig ended early: Digging aborted after 250 ms
dig ended early: Digging aborted after 65 ms
dig ended early: Digging aborted after 123 ms
dig ended early: Digging aborted after 61 ms
dig ended early: Digging aborted after 63 ms
dig ended early: Digging aborted after 60 ms
dig ended early: Digging aborted after 63 ms
dig ended early: Digging aborted after 60 ms
dig ended early: Digging aborted after 59 ms
dig ended early: Digging aborted after 57 ms
dig ended early: Digging aborted after 59 ms
dig ended early: Digging aborted after 58 ms
dig ended early: Digging aborted after 65 ms
dig ended early: Digging aborted after 121 ms
dig ended early: Digging aborted after 62 ms
dig ended early: Digging aborted after 256 ms
dig ended early: Digging aborted after 62 ms
dig ended early: Digging aborted after 61 ms
dig ended early: Digging aborted after 60 ms
dig ended early: Digging aborted after 116 ms
dig ended early: Digging aborted after 113 ms
dig ended early: Digging aborted after 60 ms
dig ended early: Digging aborted after 60 ms
dig ended early: Digging aborted after 61 ms
dig ended early: Digging aborted after 123 ms
dig ended early: Digging aborted after 123 ms
dig ended early: Digging aborted after 120 ms
dig ended early: Digging aborted after 60 ms
dig ended early: Digging aborted after 60 ms
dig ended early: Digging aborted after 60 ms
dig ended early: Digging aborted after 62 ms
dig ended early: Digging aborted after 124 ms
dig ended early: Digging aborted after 64 ms
dig ended early: Digging aborted after 185 ms
dig ended early: Digging aborted after 1 ms
dig ended early: Digging aborted after 0 ms
dig ended early: Digging aborted after 0 ms
dig ended early: Digging aborted after 0 ms
dig ended early: Digging aborted after 0 ms
dig ended early: Digging aborted after 0 ms
dig ended early: Digging aborted after 0 ms
dig ended early: Digging aborted after 0 ms
dig ended early: Digging aborted after 0 ms
dig ended early: Digging aborted after 1 ms
dig ended early: Digging aborted after 0 ms
dig ended early: Digging aborted after 0 ms
dig ended early: Digging aborted after 0 ms
dig ended early: Digging aborted after 0 ms
dig ended early: Digging aborted after 0 ms
dig ended early: Digging aborted after 0 ms
dig ended early: Digging aborted after 0 ms
dig ended early: Digging aborted after 0 ms
dig ended early: Digging aborted after 1 ms
dig ended early: Digging aborted after 0 ms
dig ended early: Digging aborted after 1 ms
dig ended early: Digging aborted after 1 ms
dig ended early: Digging aborted after 0 ms
dig ended early: Digging aborted after 0 ms
dig ended early: Digging aborted after 60 ms
dig ended early: Digging aborted after 62 ms
dig ended early: Digging aborted after 62 ms
dig ended early: Digging aborted after 64 ms
dig ended early: Digging aborted after 61 ms
dig ended early: Digging aborted after 61 ms
dig ended early: Digging aborted after 61 ms
dig ended early: Digging aborted after 124 ms
dig ended early: Digging aborted after 61 ms
dig ended early: Digging aborted after 61 ms
dig ended early: Digging aborted after 124 ms
dig ended early: Digging aborted after 243 ms
dig ended early: Digging aborted after 183 ms
dig ended early: Digging aborted after 185 ms
dig ended early: Digging aborted after 192 ms
dig ended early: Digging aborted after 66 ms
dig ended early: Digging aborted after 187 ms
dig ended early: Digging aborted after 129 ms
dig ended early: Digging aborted after 257 ms
dig ended early: Digging aborted after 183 ms
dig ended early: Digging aborted after 246 ms
dig ended early: Digging aborted after 320 ms
dig ended early: Digging aborted after 310 ms
dig ended early: Digging aborted after 316 ms
dig ended early: Digging aborted after 182 ms
dig ended early: Digging aborted after 815 ms
dig ended early: Digging aborted after 57 ms
dig ended early: Digging aborted after 792 ms
dig ended early: Digging aborted after 638 ms
dig ended early: Digging aborted after 494 ms
dig ended early: Digging aborted after 512 ms
dig ended early: Digging aborted after 183 ms
dig ended early: Digging aborted after 59 ms
dig ended early: Digging aborted after 230 ms
dig ended early: Digging aborted after 56 ms
dig ended early: Digging aborted after 581 ms
dig ended early: Digging aborted after 243 ms
dig ended early: Digging aborted after 69 ms
dig ended early: Digging aborted after 564 ms
dig ended early: Digging aborted after 247 ms
dig ended early: Digging aborted after 681 ms
dig ended early: Digging aborted after 682 ms
dig ended early: Digging aborted after 119 ms
dig ended early: Digging aborted after 184 ms
dig ended early: Digging aborted after 66 ms
dig ended early: Digging aborted after 59 ms
dig ended early: Digging aborted after 183 ms
dig ended early: Digging aborted after 57 ms
dig ended early: Digging aborted after 250 ms
dig ended early: Digging aborted after 251 ms
dig ended early: Digging aborted after 122 ms
dig ended early: Digging aborted after 61 ms
dig ended early: Digging aborted after 121 ms
dig ended early: Digging aborted after 247 ms
dig ended early: Digging aborted after 120 ms
dig ended early: Digging aborted after 126 ms
dig ended early: Digging aborted after 301 ms
dig ended early: Digging aborted after 247 ms
dig ended early: Digging aborted after 64 ms
dig ended early: Digging aborted after 62 ms
dig ended early: Digging aborted after 129 ms
dig ended early: Digging aborted after 118 ms
dig ended early: Digging aborted after 121 ms
dig ended early: Digging aborted after 61 ms
dig ended early: Digging aborted after 60 ms
dig ended early: Digging aborted after 59 ms
dig ended early: Digging aborted after 60 ms
dig ended early: Digging aborted after 57 ms
dig ended early: Digging aborted after 60 ms
dig ended early: Digging aborted after 180 ms
dig ended early: Digging aborted after 114 ms
dig ended early: Digging aborted after 62 ms
dig ended early: Digging aborted after 64 ms
dig ended early: Digging aborted after 60 ms
dig ended early: Digging aborted after 64 ms
dig ended early: Digging aborted after 123 ms
dig ended early: Digging aborted after 65 ms
dig ended early: Digging aborted after 57 ms
dig ended early: Digging aborted after 57 ms
dig ended early: Digging aborted after 58 ms
dig ended early: Digging aborted after 59 ms
dig ended early: Digging aborted after 121 ms
dig ended early: Digging aborted after 184 ms
dig ended early: Digging aborted after 63 ms
dig ended early: Digging aborted after 64 ms
dig ended early: Digging aborted after 113 ms
dig ended early: Digging aborted after 57 ms
dig ended early: Digging aborted after 112 ms
dig ended early: Digging aborted after 59 ms
dig ended early: Digging aborted after 127 ms
dig ended early: Digging aborted after 60 ms
dig ended early: Digging aborted after 63 ms
dig ended early: Digging aborted after 59 ms
dig ended early: Digging aborted after 58 ms
dig ended early: Digging aborted after 61 ms
dig ended early: Digging aborted after 242 ms
dig ended early: Digging aborted after 114 ms
dig ended early: Digging aborted after 115 ms
dig ended early: Digging aborted after 434 ms
dig ended early: Digging aborted after 830 ms
dig ended early: Digging aborted after 1664 ms
dig ended early: Digging aborted after 547 ms
dig ended early: Digging aborted after 58 ms
dig ended early: Digging aborted after 57 ms
dig ended early: Digging aborted after 57 ms
dig ended early: Digging aborted after 57 ms
dig ended early: Digging aborted after 114 ms
dig ended early: Digging aborted after 57 ms
dig ended early: Digging aborted after 119 ms
dig ended early: Digging aborted after 181 ms
dig ended early: Digging aborted after 59 ms
dig ended early: Digging aborted after 366 ms
client disconnected
client connected
client disconnected
client connected
dig ended early: Digging aborted after 60 ms
dig ended early: Digging aborted after 58 ms
dig ended early: Digging aborted after 57 ms
dig ended early: Digging aborted after 118 ms
dig ended early: Digging aborted after 180 ms
dig ended early: Digging aborted after 62 ms
dig ended early: Digging aborted after 66 ms
dig ended early: Digging aborted after 57 ms
dig ended early: Digging aborted after 118 ms
dig ended early: Digging aborted after 57 ms
dig ended early: Digging aborted after 65 ms
dig ended early: Digging aborted after 61 ms
dig ended early: Digging aborted after 115 ms
dig ended early: Digging aborted after 64 ms
dig ended early: Digging aborted after 58 ms
dig ended early: Digging aborted after 55 ms
dig ended early: Digging aborted after 56 ms
dig ended early: Digging aborted after 57 ms
dig ended early: Digging aborted after 56 ms
dig ended early: Digging aborted after 172 ms
dig ended early: Digging aborted after 413 ms
dig ended early: Digging aborted after 455 ms
dig ended early: Digging aborted after 179 ms
dig ended early: Digging aborted after 171 ms
dig ended early: Digging aborted after 58 ms
dig ended early: Digging aborted after 59 ms
dig ended early: Digging aborted after 63 ms
dig ended early: Digging aborted after 290 ms
dig ended early: Digging aborted after 230 ms
dig ended early: Digging aborted after 117 ms
dig ended early: Digging aborted after 115 ms
dig ended early: Digging aborted after 171 ms
dig ended early: Digging aborted after 57 ms
dig ended early: Digging aborted after 57 ms
dig ended early: Digging aborted after 55 ms
dig ended early: Digging aborted after 114 ms
dig ended early: Digging aborted after 57 ms
dig ended early: Digging aborted after 348 ms
dig ended early: Digging aborted after 169 ms
dig ended early: Digging aborted after 170 ms
dig ended early: Digging aborted after 508 ms
dig ended early: Digging aborted after 881 ms
dig ended early: Digging aborted after 170 ms
dig ended early: Digging aborted after 58 ms
dig ended early: Digging aborted after 236 ms
dig ended early: Digging aborted after 358 ms
dig ended early: Digging aborted after 111 ms
dig ended early: Digging aborted after 168 ms
dig ended early: Digging aborted after 59 ms
dig ended early: Digging aborted after 55 ms
dig ended early: Digging aborted after 59 ms
dig ended early: Digging aborted after 359 ms
dig ended early: Digging aborted after 682 ms
dig ended early: Digging aborted after 58 ms
dig ended early: Digging aborted after 58 ms
dig ended early: Digging aborted after 113 ms
dig ended early: Digging aborted after 121 ms
dig ended early: Digging aborted after 60 ms
dig ended early: Digging aborted after 470 ms
dig ended early: Digging aborted after 590 ms
dig ended early: Digging aborted after 288 ms
dig ended early: Digging aborted after 55 ms
dig ended early: Digging aborted after 114 ms
dig ended early: Digging aborted after 57 ms
dig ended early: Digging aborted after 57 ms
dig ended early: Digging aborted after 112 ms
dig ended early: Digging aborted after 115 ms
dig ended early: Digging aborted after 57 ms
dig ended early: Digging aborted after 56 ms
dig ended early: Digging aborted after 56 ms
dig ended early: Digging aborted after 56 ms
dig ended early: Digging aborted after 57 ms
dig ended early: Digging aborted after 111 ms
dig ended early: Digging aborted after 222 ms
dig ended early: Digging aborted after 557 ms
dig ended early: Digging aborted after 115 ms
dig ended early: Digging aborted after 115 ms
dig ended early: Digging aborted after 283 ms
dig ended early: Digging aborted after 117 ms
dig ended early: Digging aborted after 60 ms
dig ended early: Digging aborted after 57 ms
dig ended early: Digging aborted after 57 ms
dig ended early: Digging aborted after 58 ms
dig ended early: Digging aborted after 118 ms
dig ended early: Digging aborted after 56 ms
dig ended early: Digging aborted after 57 ms
dig ended early: Digging aborted after 293 ms
dig ended early: Digging aborted after 61 ms
dig ended early: Digging aborted after 227 ms
dig ended early: Digging aborted after 1620 ms
dig ended early: Digging aborted after 175 ms
dig ended early: Digging aborted after 172 ms
dig ended early: Digging aborted after 357 ms
dig ended early: Digging aborted after 56 ms
dig ended early: Digging aborted after 55 ms
dig ended early: Digging aborted after 56 ms
dig ended early: Digging aborted after 742 ms
dig ended early: Digging aborted after 64 ms
dig ended early: Digging aborted after 63 ms
dig ended early: Digging aborted after 117 ms
dig ended early: Digging aborted after 56 ms
dig ended early: Digging aborted after 111 ms
dig ended early: Digging aborted after 56 ms
dig ended early: Digging aborted after 58 ms
dig ended early: Digging aborted after 231 ms
dig ended early: Digging aborted after 808 ms
dig ended early: Digging aborted after 627 ms
dig ended early: Digging aborted after 58 ms
dig ended early: Digging aborted after 113 ms
dig ended early: Digging aborted after 56 ms
dig ended early: Digging aborted after 60 ms
dig ended early: Digging aborted after 57 ms
dig ended early: Digging aborted after 242 ms
dig ended early: Digging aborted after 578 ms
dig ended early: Digging aborted after 110 ms
dig ended early: Digging aborted after 55 ms
dig ended early: Digging aborted after 57 ms
dig ended early: Digging aborted after 63 ms
dig ended early: Digging aborted after 585 ms
dig ended early: Digging aborted after 525 ms
dig ended early: Digging aborted after 116 ms
dig ended early: Digging aborted after 399 ms
dig ended early: Digging aborted after 285 ms
dig ended early: Digging aborted after 535 ms
dig ended early: Digging aborted after 56 ms
dig ended early: Digging aborted after 461 ms
dig ended early: Digging aborted after 232 ms
dig ended early: Digging aborted after 112 ms
dig ended early: Digging aborted after 59 ms
dig ended early: Digging aborted after 742 ms
dig ended early: Digging aborted after 1716 ms
dig ended early: Digging aborted after 172 ms
dig ended early: Digging aborted after 453 ms
client disconnected
client connected
client disconnected
client connected
dig ended early: Digging aborted after 118 ms
dig ended early: Digging aborted after 1181 ms
dig ended early: Digging aborted after 432 ms
dig ended early: Digging aborted after 173 ms
dig ended early: Digging aborted after 349 ms
dig ended early: Digging aborted after 57 ms
dig ended early: Digging aborted after 168 ms
dig ended early: Digging aborted after 111 ms
dig ended early: Digging aborted after 175 ms
dig ended early: Digging aborted after 178 ms
dig ended early: Digging aborted after 230 ms
dig ended early: Digging aborted after 58 ms
dig ended early: Digging aborted after 125 ms
dig ended early: Digging aborted after 59 ms
dig ended early: Digging aborted after 122 ms
dig ended early: Digging aborted after 57 ms
dig ended early: Digging aborted after 56 ms
dig ended early: Digging aborted after 57 ms
dig ended early: Digging aborted after 59 ms
dig ended early: Digging aborted after 224 ms
dig ended early: Digging aborted after 60 ms
dig ended early: Digging aborted after 114 ms
dig ended early: Digging aborted after 235 ms
dig ended early: Digging aborted after 59 ms
dig ended early: Digging aborted after 340 ms
dig ended early: Digging aborted after 120 ms
dig ended early: Digging aborted after 115 ms
dig ended early: Digging aborted after 120 ms
dig ended early: Digging aborted after 123 ms
dig ended early: Digging aborted after 232 ms
dig ended early: Digging aborted after 58 ms
dig ended early: Digging aborted after 285 ms
dig ended early: Digging aborted after 172 ms
dig ended early: Digging aborted after 408 ms
dig ended early: Digging aborted after 57 ms
dig ended early: Digging aborted after 57 ms
dig ended early: Digging aborted after 56 ms
dig ended early: Digging aborted after 59 ms
dig ended early: Digging aborted after 634 ms
dig ended early: Digging aborted after 176 ms
dig ended early: Digging aborted after 175 ms
dig ended early: Digging aborted after 176 ms
dig ended early: Digging aborted after 114 ms
dig ended early: Digging aborted after 229 ms
dig ended early: Digging aborted after 59 ms
dig ended early: Digging aborted after 58 ms
dig ended early: Digging aborted after 57 ms
dig ended early: Digging aborted after 118 ms
dig ended early: Digging aborted after 291 ms
dig ended early: Digging aborted after 232 ms
dig ended early: Digging aborted after 176 ms
dig ended early: Digging aborted after 179 ms
dig ended early: Digging aborted after 61 ms
dig ended early: Digging aborted after 56 ms
dig ended early: Digging aborted after 57 ms
dig ended early: Digging aborted after 57 ms
dig ended early: Digging aborted after 112 ms
dig ended early: Digging aborted after 56 ms
dig ended early: Digging aborted after 112 ms
dig ended early: Digging aborted after 113 ms
dig ended early: Digging aborted after 615 ms
dig ended early: Digging aborted after 225 ms
dig ended early: Digging aborted after 220 ms
dig ended early: Digging aborted after 168 ms
dig ended early: Digging aborted after 111 ms
dig ended early: Digging aborted after 170 ms
dig ended early: Digging aborted after 118 ms
dig ended early: Digging aborted after 57 ms
dig ended early: Digging aborted after 170 ms
dig ended early: Digging aborted after 58 ms
dig ended early: Digging aborted after 118 ms
dig ended early: Digging aborted after 121 ms
dig ended early: Digging aborted after 115 ms
dig ended early: Digging aborted after 56 ms
dig ended early: Digging aborted after 672 ms
dig ended early: Digging aborted after 228 ms
dig ended early: Digging aborted after 56 ms
dig ended early: Digging aborted after 111 ms
dig ended early: Digging aborted after 334 ms
dig ended early: Digging aborted after 282 ms
dig ended early: Digging aborted after 57 ms
dig ended early: Digging aborted after 56 ms
dig ended early: Digging aborted after 63 ms
dig ended early: Digging aborted after 60 ms
dig ended early: Digging aborted after 58 ms
dig ended early: Digging aborted after 57 ms
dig ended early: Digging aborted after 56 ms
dig ended early: Digging aborted after 184 ms
dig ended early: Digging aborted after 341 ms
dig ended early: Digging aborted after 177 ms
dig ended early: Digging aborted after 115 ms
dig ended early: Digging aborted after 115 ms
dig ended early: Digging aborted after 58 ms
dig ended early: Digging aborted after 58 ms
dig ended early: Digging aborted after 125 ms
dig ended early: Digging aborted after 177 ms
dig ended early: Digging aborted after 170 ms
dig ended early: Digging aborted after 178 ms
dig ended early: Digging aborted after 56 ms
dig ended early: Digging aborted after 55 ms
dig ended early: Digging aborted after 62 ms
dig ended early: Digging aborted after 222 ms
dig ended early: Digging aborted after 823 ms
dig ended early: Digging aborted after 621 ms
dig ended early: Digging aborted after 117 ms
dig ended early: Digging aborted after 826 ms
dig ended early: Digging aborted after 64 ms
dig ended early: Digging aborted after 114 ms
dig ended early: Digging aborted after 115 ms
dig ended early: Digging aborted after 818 ms
dig ended early: Digging aborted after 113 ms
dig ended early: Digging aborted after 692 ms
dig ended early: Digging aborted after 571 ms
dig ended early: Digging aborted after 739 ms
dig ended early: Digging aborted after 337 ms
dig ended early: Digging aborted after 121 ms
dig ended early: Digging aborted after 307 ms
dig ended early: Digging aborted after 57 ms
dig ended early: Digging aborted after 114 ms
dig ended early: Digging aborted after 57 ms
dig ended early: Digging aborted after 58 ms
dig ended early: Digging aborted after 58 ms
dig ended early: Digging aborted after 57 ms
dig ended early: Digging aborted after 59 ms
dig ended early: Digging aborted after 61 ms
dig ended early: Digging aborted after 62 ms
dig ended early: Digging aborted after 566 ms
dig ended early: Digging aborted after 170 ms
dig ended early: Digging aborted after 57 ms
dig ended early: Digging aborted after 112 ms
dig ended early: Digging aborted after 239 ms
dig ended early: Digging aborted after 597 ms
dig ended early: Digging aborted after 223 ms
dig ended early: Digging aborted after 123 ms
dig ended early: Digging aborted after 62 ms
dig ended early: Digging aborted after 113 ms
dig ended early: Digging aborted after 58 ms
dig ended early: Digging aborted after 57 ms
dig ended early: Digging aborted after 115 ms
dig ended early: Digging aborted after 172 ms
dig ended early: Digging aborted after 60 ms
dig ended early: Digging aborted after 112 ms
dig ended early: Digging aborted after 57 ms
dig ended early: Digging aborted after 57 ms
dig ended early: Digging aborted after 114 ms
dig ended early: Digging aborted after 56 ms
dig ended early: Digging aborted after 57 ms
dig ended early: Digging aborted after 56 ms
dig ended early: Digging aborted after 168 ms
dig ended early: Digging aborted after 784 ms
dig ended early: Digging aborted after 56 ms
dig ended early: Digging aborted after 56 ms
dig ended early: Digging aborted after 290 ms
dig ended early: Digging aborted after 56 ms
dig ended early: Digging aborted after 117 ms
client disconnected
