pra-mc/1 bridge: bot 'pra' spawned, listening on 127.0.0.1:25590
client connected
client disconnected
client connected
client disconnected
client connected
client disconnected
client connected
client stream error: ECONNRESET
client socket error: ECONNRESET
client disconnected
client connected
client stream error: ECONNRESET
client socket error: ECONNRESET
client disconnected
client connected
client disconnected
client connected
client disconnected
client connected
client disconnected
client connected
client disconnected
client connected
client disconnected
client connected
client disconnected
client connected
client disconnected
client connected
client disconnected
client connected
client disconnected
client connected
client disconnected
client connected
client disconnected
client connected
client disconnected
client connected
client disconnected
client connected
client disconnected
client connected
client disconnected
client connected
client disconnected
client connected
client disconnected
client connected
client disconnected
client connected
client disconnected
client connected
client disconnected
client connected
client disconnected
client connected
client disconnected
client connected
client disconnected
client connected
client disconnected
client connected
client disconnected
client connected
client disconnected
client connected
client disconnected
client connected
client disconnected
client connected
client disconnected
client connected
client disconnected
client connected
client disconnected
client connected
client disconnected
client connected
client disconnected
client connected
client disconnected
client connected
client disconnected
client connected
client disconnected
client connected
client disconnected
client connected
client disconnected
client connected
client disconnected
client connected
client disconnected
client connected
client disconnected
client connected
client disconnected
client connected
client disconnected
client connected
client disconnected
client connected
client disconnected
client connected
client disconnected
client connected
client disconnected
client connected
client disconnected
client connected
client disconnected
client connected
client disconnected
client connected
client disconnected
client connected
client disconnected
client connected
client disconnected
client connected
client disconnected
client connected
client disconnected
client connected
client disconnected
client connected
client disconnected
client connected
client disconnected
client connected
client disconnected
client connected
client disconnected
client connected
client disconnected
client connected
client disconnected
client connected
client disconnected
client connected
client disconnected
client connected
client disconnected
client connected
client disconnected
client connected
client disconnected
client connected
client disconnected
client connected
client disconnected
client connected
client disconnected
client connected
client disconnected
client connected
client disconnected
client connected
client disconnected
client connected
client disconnected
client connected
client disconnected
client connected
client disconnected
client connected
client disconnected
client connected
client disconnected
client connected
client disconnected
client connected
client disconnected
client connected
client disconnected
client connected
client disconnected
client connected
client disconnected
client connected
client disconnected
client connected
client disconnected
client connected
client disconnected
client connected
client disconnected
client connected
client disconnected
client connected
client disconnected
client connected
client disconnected
pra-mc/1 bridge: bot 'pra' spawned, listening on 127.0.0.1:25590
client connected
client disconnected
client connected
client disconnected
client connected
client stream error: ECONNRESET
client socket error: ECONNRESET
client disconnected
client connected
client disconnected
client connected
dig ended early: Digging aborted after 62 ms
dig ended early: Digging aborted after 63 ms
dig ended early: Digging aborted after 179 ms
dig ended early: Digging aborted after 121 ms
dig ended early: Digging aborted after 121 ms
dig ended early: Digging aborted after 307 ms
dig ended early: Digging aborted after 291 ms
dig ended early: Digging aborted after 55 ms
dig ended early: Digging aborted after 181 ms
dig ended early: Digging aborted after 60 ms
dig ended early: Digging aborted after 62 ms
dig ended early: Digging aborted after 59 ms
dig ended early: Digging aborted after 131 ms
dig ended early: Digging aborted after 123 ms
dig ended early: Digging aborted after 62 ms
dig ended early: Digging aborted after 131 ms
dig ended early: Digging aborted after 59 ms
dig ended early: Digging aborted after 126 ms
dig ended early: Digging aborted after 131 ms
dig ended early: Digging aborted after 126 ms
dig ended early: Digging aborted after 120 ms
dig ended early: Digging aborted after 63 ms
dig ended early: Digging aborted after 66 ms
dig ended early: Digging aborted after 191 ms
dig ended early: Digging aborted after 64 ms
dig ended early: Digging aborted after 65 ms
dig ended early: Digging aborted after 112 ms
dig ended early: Digging aborted after 115 ms
dig ended early: Digging aborted after 121 ms
dig ended early: Digging aborted after 121 ms
dig ended early: Digging aborted after 120 ms
dig ended early: Digging aborted after 182 ms
dig ended early: Digging aborted after 359 ms
dig ended early: Digging aborted after 56 ms
dig ended early: Digging aborted after 56 ms
dig ended early: Digging aborted after 172 ms
dig ended early: Digging aborted after 362 ms
dig ended early: Digging aborted after 364 ms
dig ended early: Digging aborted after 681 ms
dig ended early: Digging aborted after 119 ms
dig ended early: Digging aborted after 124 ms
dig ended early: Digging aborted after 362 ms
dig ended early: Digging aborted after 228 ms
dig ended early: Digging aborted after 295 ms
dig ended early: Digging aborted after 64 ms
dig ended early: Digging aborted after 249 ms
dig ended early: Digging aborted after 304 ms
dig ended early: Digging aborted after 65 ms
dig ended early: Digging aborted after 58 ms
dig ended early: Digging aborted after 486 ms
dig ended early: Digging aborted after 60 ms
dig ended early: Digging aborted after 60 ms
dig ended early: Digging aborted after 57 ms
dig ended early: Digging aborted after 59 ms
dig ended early: Digging aborted after 59 ms
dig ended early: Digging aborted after 168 ms
dig ended early: Digging aborted after 116 ms
dig ended early: Digging aborted after 123 ms
dig ended early: Digging aborted after 557 ms
dig ended early: Digging aborted after 62 ms
dig ended early: Digging aborted after 123 ms
dig ended early: Digging aborted after 59 ms
dig ended early: Digging aborted after 177 ms
dig ended early: Digging aborted after 294 ms
dig ended early: Digging aborted after 399 ms
dig ended early: Digging aborted after 113 ms
dig ended early: Digging aborted after 58 ms
dig ended early: Digging aborted after 59 ms
dig ended early: Digging aborted after 113 ms
dig ended early: Digging aborted after 238 ms
dig ended early: Digging aborted after 246 ms
dig ended early: Digging aborted after 697 ms
dig ended early: Digging aborted after 121 ms
dig ended early: Digging aborted after 58 ms
dig ended early: Digging aborted after 58 ms
dig ended early: Digging aborted after 65 ms
dig ended early: Digging aborted after 56 ms
dig ended early: Digging aborted after 118 ms
dig ended early: Digging aborted after 65 ms
dig ended early: Digging aborted after 301 ms
dig ended early: Digging aborted after 63 ms
dig ended early: Digging aborted after 121 ms
dig ended early: Digging aborted after 117 ms
dig ended early: Digging aborted after 59 ms
dig ended early: Digging aborted after 111 ms
dig ended early: Digging aborted after 58 ms
dig ended early: Digging aborted after 60 ms
dig ended early: Digging aborted after 65 ms
dig ended early: Digging aborted after 57 ms
dig ended early: Digging aborted after 944 ms
dig ended early: Digging aborted after 243 ms
dig ended early: Digging aborted after 315 ms
dig ended early: Digging aborted after 63 ms
dig ended early: Digging aborted after 61 ms
dig ended early: Digging aborted after 183 ms
dig ended early: Digging aborted after 458 ms
dig ended early: Digging aborted after 612 ms
dig ended early: Digging aborted after 725 ms
dig ended early: Digging aborted after 61 ms
dig ended early: Digging aborted after 121 ms
dig ended early: Digging aborted after 115 ms
dig ended early: Digging aborted after 117 ms
dig ended early: Digging aborted after 62 ms
dig ended early: Digging aborted after 125 ms
dig ended early: Digging aborted after 57 ms
dig ended early: Digging aborted after 68 ms
dig ended early: Digging aborted after 61 ms
dig ended early: Digging aborted after 63 ms
dig ended early: Digging aborted after 60 ms
dig ended early: Digging aborted after 193 ms
dig ended early: Digging aborted after 61 ms
dig ended early: Digging aborted after 181 ms
dig ended early: Digging aborted after 1232 ms
dig ended early: Digging aborted after 1045 ms
client disconnected
dig ended early: Digging aborted after 1038 ms
client connected
client disconnected
client connected
dig ended early: Digging aborted after 62 ms
dig ended early: Digging aborted after 65 ms
dig ended early: Digging aborted after 65 ms
dig ended early: Digging aborted after 62 ms
dig ended early: Digging aborted after 125 ms
dig ended early: Digging aborted after 61 ms
dig ended early: Digging aborted after 63 ms
dig ended early: Digging aborted after 184 ms
dig ended early: Digging aborted after 189 ms
dig ended early: Digging aborted after 188 ms
dig ended early: Digging aborted after 115 ms
dig ended early: Digging aborted after 57 ms
dig ended early: Digging aborted after 60 ms
dig ended early: Digging aborted after 59 ms
dig ended early: Digging aborted after 113 ms
dig ended early: Digging aborted after 57 ms
dig ended early: Digging aborted after 59 ms
dig ended early: Digging aborted after 59 ms
dig ended early: Digging aborted after 120 ms
dig ended early: Digging aborted after 1156 ms
dig ended early: Digging aborted after 59 ms
dig ended early: Digging aborted after 61 ms
dig ended early: Digging aborted after 65 ms
dig ended early: Digging aborted after 553 ms
dig ended early: Digging aborted after 841 ms
dig ended early: Digging aborted after 56 ms
dig ended early: Digging aborted after 299 ms
dig ended early: Digging aborted after 1469 ms
dig ended early: Digging aborted after 365 ms
dig ended early: Digging aborted after 364 ms
dig ended early: Digging aborted after 177 ms
dig ended early: Digging aborted after 118 ms
dig ended early: Digging aborted after 1395 ms
dig ended early: Digging aborted after 613 ms
dig ended early: Digging aborted after 125 ms
dig ended early: Digging aborted after 244 ms
dig ended early: Digging aborted after 305 ms
dig ended early: Digging aborted after 119 ms
dig ended early: Digging aborted after 166 ms
dig ended early: Digging aborted after 60 ms
dig ended early: Digging aborted after 60 ms
dig ended early: Digging aborted after 63 ms
dig ended early: Digging aborted after 869 ms
dig ended early: Digging aborted after 185 ms
dig ended early: Digging aborted after 181 ms
dig ended early: Digging aborted after 124 ms
dig ended early: Digging aborted after 115 ms
dig ended early: Digging aborted after 122 ms
dig ended early: Digging aborted after 60 ms
dig ended early: Digging aborted after 65 ms
dig ended early: Digging aborted after 57 ms
dig ended early: Digging aborted after 114 ms
dig ended early: Digging aborted after 55 ms
dig ended early: Digging aborted after 55 ms
dig ended early: Digging aborted after 178 ms
dig ended early: Digging aborted after 112 ms
dig ended early: Digging aborted after 121 ms
dig ended early: Digging aborted after 67 ms
dig ended early: Digging aborted after 121 ms
dig ended early: Digging aborted after 62 ms
dig ended early: Digging aborted after 1387 ms
dig ended early: Digging aborted after 111 ms
dig ended early: Digging aborted after 115 ms
dig ended early: Digging aborted after 61 ms
dig ended early: Digging aborted after 298 ms
dig ended early: Digging aborted after 227 ms
dig ended early: Digging aborted after 581 ms
dig ended early: Digging aborted after 57 ms
dig ended early: Digging aborted after 59 ms
dig ended early: Digging aborted after 56 ms
dig ended early: Digging aborted after 59 ms
dig ended early: Digging aborted after 58 ms
dig ended early: Digging aborted after 359 ms
dig ended early: Digging aborted after 238 ms
dig ended early: Digging aborted after 351 ms
dig ended early: Digging aborted after 58 ms
dig ended early: Digging aborted after 60 ms
dig ended early: Digging aborted after 57 ms
dig ended early: Digging aborted after 61 ms
dig ended early: Digging aborted after 119 ms
dig ended early: Digging aborted after 59 ms
dig ended early: Digging aborted after 522 ms
dig ended early: Digging aborted after 116 ms
dig ended early: Digging aborted after 291 ms
dig ended early: Digging aborted after 227 ms
dig ended early: Digging aborted after 56 ms
dig ended early: Digging aborted after 475 ms
dig ended early: Digging aborted after 115 ms
dig ended early: Digging aborted after 56 ms
dig ended early: Digging aborted after 113 ms
dig ended early: Digging aborted after 117 ms
dig ended early: Digging aborted after 59 ms
dig ended early: Digging aborted after 59 ms
dig ended early: Digging aborted after 413 ms
dig ended early: Digging aborted after 58 ms
dig ended early: Digging aborted after 59 ms
dig ended early: Digging aborted after 768 ms
dig ended early: Digging aborted after 119 ms
dig ended early: Digging aborted after 535 ms
dig ended early: Digging aborted after 117 ms
dig ended early: Digging aborted after 1099 ms
client disconnected
client connected
client disconnected
client connected
dig ended early: Digging aborted after 58 ms
dig ended early: Digging aborted after 57 ms
dig ended early: Digging aborted after 57 ms
dig ended early: Digging aborted after 57 ms
dig ended early: Digging aborted after 60 ms
dig ended early: Digging aborted after 59 ms
dig ended early: Digging aborted after 299 ms
dig ended early: Digging aborted after 179 ms
dig ended early: Digging aborted after 230 ms
dig ended early: Digging aborted after 230 ms
dig ended early: Digging aborted after 337 ms
dig ended early: Digging aborted after 175 ms
dig ended early: Digging aborted after 121 ms
dig ended early: Digging aborted after 178 ms
dig ended early: Digging aborted after 113 ms
dig ended early: Digging aborted after 235 ms
dig ended early: Digging aborted after 116 ms
dig ended early: Digging aborted after 118 ms
dig ended early: Digging aborted after 113 ms
dig ended early: Digging aborted after 172 ms
dig ended early: Digging aborted after 58 ms
dig ended early: Digging aborted after 59 ms
dig ended early: Digging aborted after 63 ms
dig ended early: Digging aborted after 127 ms
dig ended early: Digging aborted after 115 ms
dig ended early: Digging aborted after 57 ms
dig ended early: Digging aborted after 58 ms
dig ended early: Digging aborted after 113 ms
dig ended early: Digging aborted after 58 ms
dig ended early: Digging aborted after 57 ms
dig ended early: Digging aborted after 56 ms
dig ended early: Digging aborted after 56 ms
dig ended early: Digging aborted after 58 ms
dig ended early: Digging aborted after 59 ms
dig ended early: Digging aborted after 120 ms
dig ended early: Digging aborted after 117 ms
dig ended early: Digging aborted after 118 ms
dig ended early: Digging aborted after 168 ms
dig ended early: Digging aborted after 235 ms
dig ended early: Digging aborted after 174 ms
dig ended early: Digging aborted after 168 ms
dig ended early: Digging aborted after 118 ms
dig ended early: Digging aborted after 55 ms
dig ended early: Digging aborted after 57 ms
dig ended early: Digging aborted after 122 ms
dig ended early: Digging aborted after 245 ms
dig ended early: Digging aborted after 119 ms
dig ended early: Digging aborted after 114 ms
dig ended early: Digging aborted after 59 ms
dig ended early: Digging aborted after 115 ms
dig ended early: Digging aborted after 58 ms
dig ended early: Digging aborted after 56 ms
dig ended early: Digging aborted after 174 ms
dig ended early: Digging aborted after 232 ms
dig ended early: Digging aborted after 118 ms
dig ended early: Digging aborted after 57 ms
dig ended early: Digging aborted after 56 ms
dig ended early: Digging aborted after 1114 ms
dig ended early: Digging aborted after 177 ms
dig ended early: Digging aborted after 122 ms
dig ended early: Digging aborted after 295 ms
dig ended early: Digging aborted after 168 ms
dig ended early: Digging aborted after 647 ms
dig ended early: Digging aborted after 59 ms
dig ended early: Digging aborted after 431 ms
dig ended early: Digging aborted after 116 ms
dig ended early: Digging aborted after 57 ms
dig ended early: Digging aborted after 171 ms
dig ended early: Digging aborted after 706 ms
dig ended early: Digging aborted after 116 ms
dig ended early: Digging aborted after 173 ms
dig ended early: Digging aborted after 414 ms
dig ended early: Digging aborted after 582 ms
dig ended early: Digging aborted after 57 ms
dig ended early: Digging aborted after 176 ms
dig ended early: Digging aborted after 58 ms
dig ended early: Digging aborted after 63 ms
dig ended early: Digging aborted after 57 ms
dig ended early: Digging aborted after 58 ms
dig ended early: Digging aborted after 466 ms
dig ended early: Digging aborted after 56 ms
dig ended early: Digging aborted after 235 ms
dig ended early: Digging aborted after 173 ms
dig ended early: Digging aborted after 517 ms
dig ended early: Digging aborted after 58 ms
dig ended early: Digging aborted after 120 ms
dig ended early: Digging aborted after 59 ms
dig ended early: Digging aborted after 121 ms
dig ended early: Digging aborted after 57 ms
dig ended early: Digging aborted after 62 ms
dig ended early: Digging aborted after 56 ms
dig ended early: Digging aborted after 57 ms
dig ended early: Digging aborted after 235 ms
dig ended early: Digging aborted after 173 ms
dig ended early: Digging aborted after 115 ms
dig ended early: Digging aborted after 0 ms
dig ended early: Digging aborted after 0 ms
dig ended early: Digging aborted after 1 ms
dig ended early: Digging aborted after 60 ms
dig ended early: Digging aborted after 56 ms
dig ended early: Digging aborted after 58 ms
dig ended early: Digging aborted after 57 ms
dig ended early: Digging aborted after 57 ms
dig ended early: Digging aborted after 173 ms
dig ended early: Digging aborted after 55 ms
dig ended early: Digging aborted after 227 ms
dig ended early: Digging aborted after 232 ms
dig ended early: Digging aborted after 223 ms
dig ended early: Digging aborted after 287 ms
dig ended early: Digging aborted after 517 ms
dig ended early: Digging aborted after 58 ms
dig ended early: Digging aborted after 172 ms
dig ended early: Digging aborted after 175 ms
dig ended early: Digging aborted after 116 ms
dig ended early: Digging aborted after 116 ms
dig ended early: Digging aborted after 282 ms
dig ended early: Digging aborted after 116 ms
dig ended early: Digging aborted after 60 ms
dig ended early: Digging aborted after 61 ms
dig ended early: Digging aborted after 62 ms
dig ended early: Digging aborted after 703 ms
dig ended early: Digging aborted after 700 ms
dig ended early: Digging aborted after 516 ms
dig ended early: Digging aborted after 180 ms
dig ended early: Digging aborted after 113 ms
dig ended early: Digging aborted after 226 ms
dig ended early: Digging aborted after 517 ms
dig ended early: Digging aborted after 286 ms
dig ended early: Digging aborted after 872 ms
dig ended early: Digging aborted after 349 ms
dig ended early: Digging aborted after 63 ms
dig ended early: Digging aborted after 58 ms
dig ended early: Digging aborted after 113 ms
dig ended early: Digging aborted after 57 ms
dig ended early: Digging aborted after 740 ms
dig ended early: Digging aborted after 631 ms
dig ended early: Digging aborted after 171 ms
dig ended early: Digging aborted after 56 ms
dig ended early: Digging aborted after 581 ms
dig ended early: Digging aborted after 408 ms
dig ended early: Digging aborted after 234 ms
dig ended early: Digging aborted after 239 ms
dig ended early: Digging aborted after 284 ms
dig ended early: Digging aborted after 57 ms
dig ended early: Digging aborted after 289 ms
dig ended early: Digging aborted after 55 ms
dig ended early: Digging aborted after 114 ms
dig ended early: Digging aborted after 57 ms
dig ended early: Digging aborted after 634 ms
dig ended early: Digging aborted after 748 ms
dig ended early: Digging aborted after 342 ms
dig ended early: Digging aborted after 173 ms
dig ended early: Digging aborted after 114 ms
dig ended early: Digging aborted after 58 ms
dig ended early: Digging aborted after 281 ms
dig ended early: Digging aborted after 171 ms
dig ended early: Digging aborted after 176 ms
dig ended early: Digging aborted after 57 ms
dig ended early: Digging aborted after 57 ms
dig ended early: Digging aborted after 61 ms
dig ended early: Digging aborted after 127 ms
dig ended early: Digging aborted after 652 ms
dig ended early: Digging aborted after 57 ms
dig ended early: Digging aborted after 112 ms
client disconnected
dig ended early: Digging aborted after 107 ms
